Starting ...
Ready.
Quantizing layer 1/32..
+------------------+--------------+------------+-----------+-------+
|       name       | weight_error | fp_inp_SNR | q_inp_SNR | time  |
+==================+==============+============+===========+=======+
| self_attn.k_proj | 6529.880     | -          | -         | 3.958 |
| self_attn.v_proj | 55.142       | -          | -         | 1.447 |
| self_attn.q_proj | 10194.119    | -          | -         | 1.438 |
| self_attn.o_proj | 3.184        | -          | -         | 1.457 |
| mlp.up_proj      | 4074.994     | -          | -         | 1.477 |
| mlp.gate_proj    | 4969.226     | -          | -         | 1.460 |
| mlp.down_proj    | 15.322       | -          | -         | 5.639 |
+------------------+--------------+------------+-----------+-------+


Quantizing layer 2/32..
+------------------+--------------+------------+-----------+-------+
|       name       | weight_error | fp_inp_SNR | q_inp_SNR | time  |
+==================+==============+============+===========+=======+
| self_attn.k_proj | 4618.068     | -          | -         | 1.444 |
| self_attn.v_proj | 143.355      | -          | -         | 1.421 |
| self_attn.q_proj | 7540.981     | -          | -         | 1.428 |
| self_attn.o_proj | 9.614        | -          | -         | 1.445 |
| mlp.up_proj      | 7684.859     | -          | -         | 1.462 |
| mlp.gate_proj    | 9277.430     | -          | -         | 1.442 |
| mlp.down_proj    | 214.804      | -          | -         | 5.441 |
+------------------+--------------+------------+-----------+-------+


Quantizing layer 3/32..
+------------------+--------------+------------+-----------+-------+
|       name       | weight_error | fp_inp_SNR | q_inp_SNR | time  |
+==================+==============+============+===========+=======+
| self_attn.k_proj | 25103.844    | -          | -         | 1.457 |
| self_attn.v_proj | 898.049      | -          | -         | 1.431 |
| self_attn.q_proj | 36075.297    | -          | -         | 1.431 |
| self_attn.o_proj | 20.793       | -          | -         | 1.430 |
| mlp.up_proj      | 12193.809    | -          | -         | 1.454 |
| mlp.gate_proj    | 15713.437    | -          | -         | 1.444 |
| mlp.down_proj    | 66.974       | -          | -         | 5.474 |
+------------------+--------------+------------+-----------+-------+


Quantizing layer 4/32..
+------------------+--------------+------------+-----------+-------+
|       name       | weight_error | fp_inp_SNR | q_inp_SNR | time  |
+==================+==============+============+===========+=======+
| self_attn.k_proj | 21122.676    | -          | -         | 1.451 |
| self_attn.v_proj | 1638.176     | -          | -         | 1.469 |
| self_attn.q_proj | 35459.117    | -          | -         | 1.492 |
| self_attn.o_proj | 28.765       | -          | -         | 1.484 |
| mlp.up_proj      | 17567.654    | -          | -         | 1.466 |
| mlp.gate_proj    | 26500.227    | -          | -         | 1.457 |
| mlp.down_proj    | 121.482      | -          | -         | 5.526 |
+------------------+--------------+------------+-----------+-------+


Quantizing layer 5/32..
+------------------+--------------+------------+-----------+-------+
|       name       | weight_error | fp_inp_SNR | q_inp_SNR | time  |
+==================+==============+============+===========+=======+
| self_attn.k_proj | 19265.207    | -          | -         | 1.455 |
| self_attn.v_proj | 1561.756     | -          | -         | 1.444 |
| self_attn.q_proj | 31715.512    | -          | -         | 1.432 |
| self_attn.o_proj | 44.852       | -          | -         | 1.439 |
| mlp.up_proj      | 21351.988    | -          | -         | 1.479 |
| mlp.gate_proj    | 37632.645    | -          | -         | 1.451 |
| mlp.down_proj    | 195.952      | -          | -         | 5.480 |
+------------------+--------------+------------+-----------+-------+


Quantizing layer 6/32..
+------------------+--------------+------------+-----------+-------+
|       name       | weight_error | fp_inp_SNR | q_inp_SNR | time  |
+==================+==============+============+===========+=======+
| self_attn.k_proj | 30526.736    | -          | -         | 1.462 |
| self_attn.v_proj | 1472.453     | -          | -         | 1.435 |
| self_attn.q_proj | 45346.156    | -          | -         | 1.440 |
| self_attn.o_proj | 57.522       | -          | -         | 1.439 |
| mlp.up_proj      | 25603.004    | -          | -         | 1.464 |
| mlp.gate_proj    | 44645        | -          | -         | 1.457 |
| mlp.down_proj    | 276.340      | -          | -         | 5.485 |
+------------------+--------------+------------+-----------+-------+


Quantizing layer 7/32..
+------------------+--------------+------------+-----------+-------+
|       name       | weight_error | fp_inp_SNR | q_inp_SNR | time  |
+==================+==============+============+===========+=======+
| self_attn.k_proj | 25001.230    | -          | -         | 1.443 |
| self_attn.v_proj | 1682.476     | -          | -         | 1.432 |
| self_attn.q_proj | 41641.641    | -          | -         | 1.417 |
| self_attn.o_proj | 104.216      | -          | -         | 1.463 |
| mlp.up_proj      | 27602.688    | -          | -         | 1.501 |
| mlp.gate_proj    | 48805.555    | -          | -         | 1.482 |
| mlp.down_proj    | 330.928      | -          | -         | 5.596 |
+------------------+--------------+------------+-----------+-------+


Quantizing layer 8/32..
+------------------+--------------+------------+-----------+-------+
|       name       | weight_error | fp_inp_SNR | q_inp_SNR | time  |
+==================+==============+============+===========+=======+
| self_attn.k_proj | 24811.293    | -          | -         | 1.446 |
| self_attn.v_proj | 1785.445     | -          | -         | 1.433 |
| self_attn.q_proj | 38411.219    | -          | -         | 1.431 |
| self_attn.o_proj | 144.200      | -          | -         | 1.438 |
| mlp.up_proj      | 29342.129    | -          | -         | 1.471 |
| mlp.gate_proj    | 48590.711    | -          | -         | 1.443 |
| mlp.down_proj    | 383.874      | -          | -         | 5.458 |
+------------------+--------------+------------+-----------+-------+


Quantizing layer 9/32..
+------------------+--------------+------------+-----------+-------+
|       name       | weight_error | fp_inp_SNR | q_inp_SNR | time  |
+==================+==============+============+===========+=======+
| self_attn.k_proj | 32033.582    | -          | -         | 1.456 |
| self_attn.v_proj | 2296.540     | -          | -         | 1.440 |
| self_attn.q_proj | 48693.008    | -          | -         | 1.440 |
| self_attn.o_proj | 192.241      | -          | -         | 1.441 |
| mlp.up_proj      | 30816.418    | -          | -         | 1.469 |
| mlp.gate_proj    | 51963.688    | -          | -         | 1.452 |
| mlp.down_proj    | 411.068      | -          | -         | 5.493 |
+------------------+--------------+------------+-----------+-------+


Quantizing layer 10/32..
+------------------+--------------+------------+-----------+-------+
|       name       | weight_error | fp_inp_SNR | q_inp_SNR | time  |
+==================+==============+============+===========+=======+
| self_attn.k_proj | 30918.344    | -          | -         | 1.446 |
| self_attn.v_proj | 3253.968     | -          | -         | 1.429 |
| self_attn.q_proj | 48109.680    | -          | -         | 1.429 |
| self_attn.o_proj | 227.903      | -          | -         | 1.442 |
| mlp.up_proj      | 31838.129    | -          | -         | 1.459 |
| mlp.gate_proj    | 54069.645    | -          | -         | 1.460 |
| mlp.down_proj    | 446.287      | -          | -         | 5.467 |
+------------------+--------------+------------+-----------+-------+


Quantizing layer 11/32..
+------------------+--------------+------------+-----------+-------+
|       name       | weight_error | fp_inp_SNR | q_inp_SNR | time  |
+==================+==============+============+===========+=======+
| self_attn.k_proj | 37314.336    | -          | -         | 1.446 |
| self_attn.v_proj | 2413.802     | -          | -         | 1.437 |
| self_attn.q_proj | 56394.219    | -          | -         | 1.433 |
| self_attn.o_proj | 227.795      | -          | -         | 1.451 |
| mlp.up_proj      | 33453.254    | -          | -         | 1.470 |
| mlp.gate_proj    | 52546.789    | -          | -         | 1.449 |
| mlp.down_proj    | 476.496      | -          | -         | 5.472 |
+------------------+--------------+------------+-----------+-------+


Quantizing layer 12/32..
+------------------+--------------+------------+-----------+-------+
|       name       | weight_error | fp_inp_SNR | q_inp_SNR | time  |
+==================+==============+============+===========+=======+
| self_attn.k_proj | 33760.945    | -          | -         | 1.442 |
| self_attn.v_proj | 2595.312     | -          | -         | 1.437 |
| self_attn.q_proj | 49346.250    | -          | -         | 1.437 |
| self_attn.o_proj | 234.169      | -          | -         | 1.444 |
| mlp.up_proj      | 35459.641    | -          | -         | 1.465 |
| mlp.gate_proj    | 53807.641    | -          | -         | 1.463 |
| mlp.down_proj    | 519.657      | -          | -         | 5.467 |
+------------------+--------------+------------+-----------+-------+


Quantizing layer 13/32..
+------------------+--------------+------------+-----------+-------+
|       name       | weight_error | fp_inp_SNR | q_inp_SNR | time  |
+==================+==============+============+===========+=======+
| self_attn.k_proj | 26543.281    | -          | -         | 1.450 |
| self_attn.v_proj | 3108.417     | -          | -         | 1.431 |
| self_attn.q_proj | 43161.949    | -          | -         | 1.432 |
| self_attn.o_proj | 292.486      | -          | -         | 1.435 |
| mlp.up_proj      | 36401.117    | -          | -         | 1.459 |
| mlp.gate_proj    | 52257.492    | -          | -         | 1.453 |
| mlp.down_proj    | 584.942      | -          | -         | 5.507 |
+------------------+--------------+------------+-----------+-------+


Quantizing layer 14/32..
+------------------+--------------+------------+-----------+-------+
|       name       | weight_error | fp_inp_SNR | q_inp_SNR | time  |
+==================+==============+============+===========+=======+
| self_attn.k_proj | 40469.172    | -          | -         | 1.452 |
| self_attn.v_proj | 3405.530     | -          | -         | 1.493 |
| self_attn.q_proj | 57229.488    | -          | -         | 1.500 |
| self_attn.o_proj | 337.871      | -          | -         | 1.472 |
| mlp.up_proj      | 38231.840    | -          | -         | 1.483 |
| mlp.gate_proj    | 55092.258    | -          | -         | 1.455 |
| mlp.down_proj    | 663.131      | -          | -         | 5.434 |
+------------------+--------------+------------+-----------+-------+


Quantizing layer 15/32..
+------------------+--------------+------------+-----------+-------+
|       name       | weight_error | fp_inp_SNR | q_inp_SNR | time  |
+==================+==============+============+===========+=======+
| self_attn.k_proj | 41943.062    | -          | -         | 1.451 |
| self_attn.v_proj | 3438.233     | -          | -         | 1.433 |
| self_attn.q_proj | 55599.977    | -          | -         | 1.430 |
| self_attn.o_proj | 377.017      | -          | -         | 1.426 |
| mlp.up_proj      | 41801.414    | -          | -         | 1.470 |
| mlp.gate_proj    | 64561.840    | -          | -         | 1.454 |
| mlp.down_proj    | 822.131      | -          | -         | 5.463 |
+------------------+--------------+------------+-----------+-------+


Quantizing layer 16/32..
+------------------+--------------+------------+-----------+-------+
|       name       | weight_error | fp_inp_SNR | q_inp_SNR | time  |
+==================+==============+============+===========+=======+
| self_attn.k_proj | 39479.320    | -          | -         | 1.461 |
| self_attn.v_proj | 4194.381     | -          | -         | 1.448 |
| self_attn.q_proj | 68885.633    | -          | -         | 1.434 |
| self_attn.o_proj | 453.666      | -          | -         | 1.421 |
| mlp.up_proj      | 44084.340    | -          | -         | 1.463 |
| mlp.gate_proj    | 72452.422    | -          | -         | 1.460 |
| mlp.down_proj    | 991.585      | -          | -         | 5.448 |
+------------------+--------------+------------+-----------+-------+


Quantizing layer 17/32..
+------------------+--------------+------------+-----------+-------+
|       name       | weight_error | fp_inp_SNR | q_inp_SNR | time  |
+==================+==============+============+===========+=======+
| self_attn.k_proj | 40527.738    | -          | -         | 1.452 |
| self_attn.v_proj | 3745.504     | -          | -         | 1.440 |
| self_attn.q_proj | 61893.258    | -          | -         | 1.435 |
| self_attn.o_proj | 361.080      | -          | -         | 1.450 |
| mlp.up_proj      | 47680.906    | -          | -         | 1.471 |
| mlp.gate_proj    | 83253.070    | -          | -         | 1.447 |
| mlp.down_proj    | 1088.467     | -          | -         | 5.443 |
+------------------+--------------+------------+-----------+-------+


Quantizing layer 18/32..
+------------------+--------------+------------+-----------+-------+
|       name       | weight_error | fp_inp_SNR | q_inp_SNR | time  |
+==================+==============+============+===========+=======+
| self_attn.k_proj | 45450.633    | -          | -         | 1.454 |
| self_attn.v_proj | 4242.615     | -          | -         | 1.426 |
| self_attn.q_proj | 67255.484    | -          | -         | 1.429 |
| self_attn.o_proj | 342.542      | -          | -         | 1.430 |
| mlp.up_proj      | 49622.590    | -          | -         | 1.451 |
| mlp.gate_proj    | 89130.391    | -          | -         | 1.518 |
| mlp.down_proj    | 1257.031     | -          | -         | 5.560 |
+------------------+--------------+------------+-----------+-------+


Quantizing layer 19/32..
+------------------+--------------+------------+-----------+-------+
|       name       | weight_error | fp_inp_SNR | q_inp_SNR | time  |
+==================+==============+============+===========+=======+
| self_attn.k_proj | 50567.785    | -          | -         | 1.441 |
| self_attn.v_proj | 4123.727     | -          | -         | 1.436 |
| self_attn.q_proj | 67651.516    | -          | -         | 1.434 |
| self_attn.o_proj | 233.305      | -          | -         | 1.437 |
| mlp.up_proj      | 53386.711    | -          | -         | 1.462 |
| mlp.gate_proj    | 96867.336    | -          | -         | 1.454 |
| mlp.down_proj    | 1269.141     | -          | -         | 5.496 |
+------------------+--------------+------------+-----------+-------+


Quantizing layer 20/32..
+------------------+--------------+------------+-----------+-------+
|       name       | weight_error | fp_inp_SNR | q_inp_SNR | time  |
+==================+==============+============+===========+=======+
| self_attn.k_proj | 45782.566    | -          | -         | 1.439 |
| self_attn.v_proj | 4758.102     | -          | -         | 1.437 |
| self_attn.q_proj | 70146.383    | -          | -         | 1.441 |
| self_attn.o_proj | 204.746      | -          | -         | 1.446 |
| mlp.up_proj      | 55814.109    | -          | -         | 1.459 |
| mlp.gate_proj    | 103251.641   | -          | -         | 1.448 |
| mlp.down_proj    | 1359.138     | -          | -         | 5.493 |
+------------------+--------------+------------+-----------+-------+


Quantizing layer 21/32..
+------------------+--------------+------------+-----------+-------+
|       name       | weight_error | fp_inp_SNR | q_inp_SNR | time  |
+==================+==============+============+===========+=======+
| self_attn.k_proj | 50686.590    | -          | -         | 1.451 |
| self_attn.v_proj | 5025.854     | -          | -         | 1.431 |
| self_attn.q_proj | 72492.906    | -          | -         | 1.441 |
| self_attn.o_proj | 243.782      | -          | -         | 1.437 |
| mlp.up_proj      | 59599.125    | -          | -         | 1.459 |
| mlp.gate_proj    | 109439.719   | -          | -         | 1.446 |
| mlp.down_proj    | 1463.480     | -          | -         | 5.513 |
+------------------+--------------+------------+-----------+-------+


Quantizing layer 22/32..
+------------------+--------------+------------+-----------+-------+
|       name       | weight_error | fp_inp_SNR | q_inp_SNR | time  |
+==================+==============+============+===========+=======+
| self_attn.k_proj | 48609.527    | -          | -         | 1.434 |
| self_attn.v_proj | 5339.697     | -          | -         | 1.428 |
| self_attn.q_proj | 68681.328    | -          | -         | 1.427 |
| self_attn.o_proj | 317.566      | -          | -         | 1.430 |
| mlp.up_proj      | 62637.094    | -          | -         | 1.465 |
| mlp.gate_proj    | 116351.219   | -          | -         | 1.455 |
| mlp.down_proj    | 1666.882     | -          | -         | 5.483 |
+------------------+--------------+------------+-----------+-------+


Quantizing layer 23/32..
+------------------+--------------+------------+-----------+-------+
|       name       | weight_error | fp_inp_SNR | q_inp_SNR | time  |
+==================+==============+============+===========+=======+
| self_attn.k_proj | 51566.289    | -          | -         | 1.454 |
| self_attn.v_proj | 6116.711     | -          | -         | 1.446 |
| self_attn.q_proj | 68622.828    | -          | -         | 1.443 |
| self_attn.o_proj | 281.544      | -          | -         | 1.435 |
| mlp.up_proj      | 65311.969    | -          | -         | 1.450 |
| mlp.gate_proj    | 120129.031   | -          | -         | 1.447 |
| mlp.down_proj    | 1726.575     | -          | -         | 5.461 |
+------------------+--------------+------------+-----------+-------+


Quantizing layer 24/32..
+------------------+--------------+------------+-----------+-------+
|       name       | weight_error | fp_inp_SNR | q_inp_SNR | time  |
+==================+==============+============+===========+=======+
| self_attn.k_proj | 49198.090    | -          | -         | 1.451 |
| self_attn.v_proj | 6691.824     | -          | -         | 1.433 |
| self_attn.q_proj | 71003.102    | -          | -         | 1.428 |
| self_attn.o_proj | 268.021      | -          | -         | 1.429 |
| mlp.up_proj      | 68243.875    | -          | -         | 1.469 |
| mlp.gate_proj    | 124790.102   | -          | -         | 1.459 |
| mlp.down_proj    | 1828.827     | -          | -         | 5.469 |
+------------------+--------------+------------+-----------+-------+


Quantizing layer 25/32..
+------------------+--------------+------------+-----------+-------+
|       name       | weight_error | fp_inp_SNR | q_inp_SNR | time  |
+==================+==============+============+===========+=======+
| self_attn.k_proj | 47409.234    | -          | -         | 1.461 |
| self_attn.v_proj | 8286.902     | -          | -         | 1.445 |
| self_attn.q_proj | 70118.219    | -          | -         | 1.442 |
| self_attn.o_proj | 287.292      | -          | -         | 1.438 |
| mlp.up_proj      | 72181.688    | -          | -         | 1.472 |
| mlp.gate_proj    | 131892.219   | -          | -         | 1.461 |
| mlp.down_proj    | 1937.635     | -          | -         | 5.525 |
+------------------+--------------+------------+-----------+-------+


Quantizing layer 26/32..
+------------------+--------------+------------+-----------+-------+
|       name       | weight_error | fp_inp_SNR | q_inp_SNR | time  |
+==================+==============+============+===========+=======+
| self_attn.k_proj | 44152.152    | -          | -         | 1.440 |
| self_attn.v_proj | 8644.758     | -          | -         | 1.427 |
| self_attn.q_proj | 69708.422    | -          | -         | 1.424 |
| self_attn.o_proj | 354.219      | -          | -         | 1.431 |
| mlp.up_proj      | 76702.047    | -          | -         | 1.450 |
| mlp.gate_proj    | 139612.281   | -          | -         | 1.479 |
| mlp.down_proj    | 2144.554     | -          | -         | 5.590 |
+------------------+--------------+------------+-----------+-------+


Quantizing layer 27/32..
+------------------+--------------+------------+-----------+-------+
|       name       | weight_error | fp_inp_SNR | q_inp_SNR | time  |
+==================+==============+============+===========+=======+
| self_attn.k_proj | 47101.898    | -          | -         | 1.442 |
| self_attn.v_proj | 8129.766     | -          | -         | 1.428 |
| self_attn.q_proj | 67035.094    | -          | -         | 1.439 |
| self_attn.o_proj | 448.143      | -          | -         | 1.441 |
| mlp.up_proj      | 82585.438    | -          | -         | 1.457 |
| mlp.gate_proj    | 150317.375   | -          | -         | 1.452 |
| mlp.down_proj    | 2480.699     | -          | -         | 5.467 |
+------------------+--------------+------------+-----------+-------+


Quantizing layer 28/32..
+------------------+--------------+------------+-----------+-------+
|       name       | weight_error | fp_inp_SNR | q_inp_SNR | time  |
+==================+==============+============+===========+=======+
| self_attn.k_proj | 51269.305    | -          | -         | 1.438 |
| self_attn.v_proj | 11751.033    | -          | -         | 1.435 |
| self_attn.q_proj | 69949.203    | -          | -         | 1.444 |
| self_attn.o_proj | 568.212      | -          | -         | 1.487 |
| mlp.up_proj      | 91006.875    | -          | -         | 1.507 |
| mlp.gate_proj    | 163970.750   | -          | -         | 1.486 |
| mlp.down_proj    | 3015.965     | -          | -         | 5.537 |
+------------------+--------------+------------+-----------+-------+


Quantizing layer 29/32..
+------------------+--------------+------------+-----------+-------+
|       name       | weight_error | fp_inp_SNR | q_inp_SNR | time  |
+==================+==============+============+===========+=======+
| self_attn.k_proj | 40991.688    | -          | -         | 1.437 |
| self_attn.v_proj | 10564.193    | -          | -         | 1.433 |
| self_attn.q_proj | 65887.258    | -          | -         | 1.432 |
| self_attn.o_proj | 970.088      | -          | -         | 1.437 |
| mlp.up_proj      | 101808.227   | -          | -         | 1.469 |
| mlp.gate_proj    | 173976.109   | -          | -         | 1.446 |
| mlp.down_proj    | 3983.344     | -          | -         | 5.453 |
+------------------+--------------+------------+-----------+-------+


Quantizing layer 30/32..
+------------------+--------------+------------+-----------+-------+
|       name       | weight_error | fp_inp_SNR | q_inp_SNR | time  |
+==================+==============+============+===========+=======+
| self_attn.k_proj | 42603.906    | -          | -         | 1.447 |
| self_attn.v_proj | 13100.604    | -          | -         | 1.447 |
| self_attn.q_proj | 69043.844    | -          | -         | 1.436 |
| self_attn.o_proj | 836.074      | -          | -         | 1.443 |
| mlp.up_proj      | 110010.859   | -          | -         | 1.444 |
| mlp.gate_proj    | 177240.344   | -          | -         | 1.450 |
| mlp.down_proj    | 5696.296     | -          | -         | 5.481 |
+------------------+--------------+------------+-----------+-------+


Quantizing layer 31/32..
+------------------+--------------+------------+-----------+-------+
|       name       | weight_error | fp_inp_SNR | q_inp_SNR | time  |
+==================+==============+============+===========+=======+
| self_attn.k_proj | 42627.906    | -          | -         | 1.437 |
| self_attn.v_proj | 17477.117    | -          | -         | 1.432 |
| self_attn.q_proj | 63775.754    | -          | -         | 1.432 |
| self_attn.o_proj | 1568.627     | -          | -         | 1.432 |
| mlp.up_proj      | 115329.812   | -          | -         | 1.466 |
| mlp.gate_proj    | 188769.594   | -          | -         | 1.459 |
| mlp.down_proj    | 9041.519     | -          | -         | 5.478 |
+------------------+--------------+------------+-----------+-------+


Quantizing layer 32/32..
+------------------+--------------+------------+-----------+-------+
|       name       | weight_error | fp_inp_SNR | q_inp_SNR | time  |
+==================+==============+============+===========+=======+
| self_attn.k_proj | 29077.500    | -          | -         | 1.443 |
| self_attn.v_proj | 10606.830    | -          | -         | 1.441 |
| self_attn.q_proj | 52917.398    | -          | -         | 1.436 |
| self_attn.o_proj | 2790.030     | -          | -         | 1.447 |
| mlp.up_proj      | 104293.328   | -          | -         | 1.527 |
| mlp.gate_proj    | 162882.391   | -          | -         | 1.496 |
| mlp.down_proj    | 23283.227    | -          | -         | 5.557 |
+------------------+--------------+------------+-----------+-------+


time cost: 1002.4570529460907s
1008.3104326725006
wikitext2
Evaluating ...
0
1
2
3
4
5
6
7
8
9
10
11
12
13
14
15
16
17
18
19
20
21
22
23
24
25
26
27
28
29
30
31
9.16023063659668
