Starting ...
Ready.
Quantizing layer 1/32..
+------------------+--------------+------------+-----------+-------+
|       name       | weight_error | fp_inp_SNR | q_inp_SNR | time  |
+==================+==============+============+===========+=======+
| self_attn.k_proj | 6529.880     | -          | -         | 1.244 |
| self_attn.v_proj | 55.142       | -          | -         | 1.183 |
| self_attn.q_proj | 10194.119    | -          | -         | 1.181 |
| self_attn.o_proj | 3.184        | -          | -         | 1.188 |
| mlp.up_proj      | 4074.994     | -          | -         | 1.201 |
| mlp.gate_proj    | 4969.226     | -          | -         | 1.195 |
| mlp.down_proj    | 15.322       | -          | -         | 4.330 |
+------------------+--------------+------------+-----------+-------+


Quantizing layer 2/32..
+------------------+--------------+------------+-----------+-------+
|       name       | weight_error | fp_inp_SNR | q_inp_SNR | time  |
+==================+==============+============+===========+=======+
| self_attn.k_proj | 4613.528     | -          | -         | 1.185 |
| self_attn.v_proj | 143.168      | -          | -         | 1.183 |
| self_attn.q_proj | 7525.271     | -          | -         | 1.183 |
| self_attn.o_proj | 9.244        | -          | -         | 1.191 |
| mlp.up_proj      | 7720.418     | -          | -         | 1.186 |
| mlp.gate_proj    | 9328.957     | -          | -         | 1.179 |
| mlp.down_proj    | 214.134      | -          | -         | 4.314 |
+------------------+--------------+------------+-----------+-------+


Quantizing layer 3/32..
+------------------+--------------+------------+-----------+-------+
|       name       | weight_error | fp_inp_SNR | q_inp_SNR | time  |
+==================+==============+============+===========+=======+
| self_attn.k_proj | 25049.625    | -          | -         | 1.184 |
| self_attn.v_proj | 899.193      | -          | -         | 1.167 |
| self_attn.q_proj | 36000.684    | -          | -         | 1.169 |
| self_attn.o_proj | 12.299       | -          | -         | 1.191 |
| mlp.up_proj      | 12555.246    | -          | -         | 1.196 |
| mlp.gate_proj    | 16179.657    | -          | -         | 1.186 |
| mlp.down_proj    | 63.946       | -          | -         | 4.315 |
+------------------+--------------+------------+-----------+-------+


Quantizing layer 4/32..
+------------------+--------------+------------+-----------+-------+
|       name       | weight_error | fp_inp_SNR | q_inp_SNR | time  |
+==================+==============+============+===========+=======+
| self_attn.k_proj | 20694.404    | -          | -         | 1.181 |
| self_attn.v_proj | 1610.170     | -          | -         | 1.177 |
| self_attn.q_proj | 34760.691    | -          | -         | 1.179 |
| self_attn.o_proj | 26.906       | -          | -         | 1.183 |
| mlp.up_proj      | 16707.396    | -          | -         | 1.191 |
| mlp.gate_proj    | 25182.588    | -          | -         | 1.192 |
| mlp.down_proj    | 119.267      | -          | -         | 4.323 |
+------------------+--------------+------------+-----------+-------+


Quantizing layer 5/32..
+------------------+--------------+------------+-----------+-------+
|       name       | weight_error | fp_inp_SNR | q_inp_SNR | time  |
+==================+==============+============+===========+=======+
| self_attn.k_proj | 18768.404    | -          | -         | 1.193 |
| self_attn.v_proj | 1527.439     | -          | -         | 1.179 |
| self_attn.q_proj | 30890.242    | -          | -         | 1.181 |
| self_attn.o_proj | 44.770       | -          | -         | 1.187 |
| mlp.up_proj      | 20858.627    | -          | -         | 1.195 |
| mlp.gate_proj    | 36739.578    | -          | -         | 1.189 |
| mlp.down_proj    | 197.273      | -          | -         | 4.327 |
+------------------+--------------+------------+-----------+-------+


Quantizing layer 6/32..
+------------------+--------------+------------+-----------+-------+
|       name       | weight_error | fp_inp_SNR | q_inp_SNR | time  |
+==================+==============+============+===========+=======+
| self_attn.k_proj | 30255.664    | -          | -         | 1.197 |
| self_attn.v_proj | 1454.275     | -          | -         | 1.188 |
| self_attn.q_proj | 44904.738    | -          | -         | 1.185 |
| self_attn.o_proj | 57.470       | -          | -         | 1.186 |
| mlp.up_proj      | 25148.158    | -          | -         | 1.203 |
| mlp.gate_proj    | 43817.609    | -          | -         | 1.195 |
| mlp.down_proj    | 274.765      | -          | -         | 4.347 |
+------------------+--------------+------------+-----------+-------+


Quantizing layer 7/32..
+------------------+--------------+------------+-----------+-------+
|       name       | weight_error | fp_inp_SNR | q_inp_SNR | time  |
+==================+==============+============+===========+=======+
| self_attn.k_proj | 24626.672    | -          | -         | 1.179 |
| self_attn.v_proj | 1656.894     | -          | -         | 1.170 |
| self_attn.q_proj | 41058.102    | -          | -         | 1.169 |
| self_attn.o_proj | 103.528      | -          | -         | 1.181 |
| mlp.up_proj      | 27272.562    | -          | -         | 1.210 |
| mlp.gate_proj    | 48233.469    | -          | -         | 1.197 |
| mlp.down_proj    | 333.091      | -          | -         | 4.349 |
+------------------+--------------+------------+-----------+-------+


Quantizing layer 8/32..
+------------------+--------------+------------+-----------+-------+
|       name       | weight_error | fp_inp_SNR | q_inp_SNR | time  |
+==================+==============+============+===========+=======+
| self_attn.k_proj | 24533.977    | -          | -         | 1.180 |
| self_attn.v_proj | 1765.802     | -          | -         | 1.178 |
| self_attn.q_proj | 38011.680    | -          | -         | 1.181 |
| self_attn.o_proj | 146.005      | -          | -         | 1.195 |
| mlp.up_proj      | 29127.410    | -          | -         | 1.197 |
| mlp.gate_proj    | 48233.039    | -          | -         | 1.181 |
| mlp.down_proj    | 387.058      | -          | -         | 4.315 |
+------------------+--------------+------------+-----------+-------+


Quantizing layer 9/32..
+------------------+--------------+------------+-----------+-------+
|       name       | weight_error | fp_inp_SNR | q_inp_SNR | time  |
+==================+==============+============+===========+=======+
| self_attn.k_proj | 31897.422    | -          | -         | 1.193 |
| self_attn.v_proj | 2285.702     | -          | -         | 1.185 |
| self_attn.q_proj | 48407.992    | -          | -         | 1.179 |
| self_attn.o_proj | 191.408      | -          | -         | 1.190 |
| mlp.up_proj      | 30487.961    | -          | -         | 1.194 |
| mlp.gate_proj    | 51419.051    | -          | -         | 1.192 |
| mlp.down_proj    | 408.782      | -          | -         | 4.319 |
+------------------+--------------+------------+-----------+-------+


Quantizing layer 10/32..
+------------------+--------------+------------+-----------+-------+
|       name       | weight_error | fp_inp_SNR | q_inp_SNR | time  |
+==================+==============+============+===========+=======+
| self_attn.k_proj | 30709.609    | -          | -         | 1.193 |
| self_attn.v_proj | 3237.592     | -          | -         | 1.180 |
| self_attn.q_proj | 47794.172    | -          | -         | 1.183 |
| self_attn.o_proj | 233.101      | -          | -         | 1.185 |
| mlp.up_proj      | 31623.875    | -          | -         | 1.192 |
| mlp.gate_proj    | 53695.227    | -          | -         | 1.198 |
| mlp.down_proj    | 446.155      | -          | -         | 4.337 |
+------------------+--------------+------------+-----------+-------+


Quantizing layer 11/32..
+------------------+--------------+------------+-----------+-------+
|       name       | weight_error | fp_inp_SNR | q_inp_SNR | time  |
+==================+==============+============+===========+=======+
| self_attn.k_proj | 37286.617    | -          | -         | 1.180 |
| self_attn.v_proj | 2397.979     | -          | -         | 1.180 |
| self_attn.q_proj | 56300.195    | -          | -         | 1.185 |
| self_attn.o_proj | 234.792      | -          | -         | 1.196 |
| mlp.up_proj      | 33215.348    | -          | -         | 1.196 |
| mlp.gate_proj    | 52186.590    | -          | -         | 1.176 |
| mlp.down_proj    | 471.144      | -          | -         | 4.348 |
+------------------+--------------+------------+-----------+-------+


Quantizing layer 12/32..
+------------------+--------------+------------+-----------+-------+
|       name       | weight_error | fp_inp_SNR | q_inp_SNR | time  |
+==================+==============+============+===========+=======+
| self_attn.k_proj | 33709.078    | -          | -         | 1.173 |
| self_attn.v_proj | 2579.916     | -          | -         | 1.173 |
| self_attn.q_proj | 49190.918    | -          | -         | 1.169 |
| self_attn.o_proj | 234.587      | -          | -         | 1.187 |
| mlp.up_proj      | 34908.766    | -          | -         | 1.195 |
| mlp.gate_proj    | 52991.062    | -          | -         | 1.192 |
| mlp.down_proj    | 510.648      | -          | -         | 4.319 |
+------------------+--------------+------------+-----------+-------+


Quantizing layer 13/32..
+------------------+--------------+------------+-----------+-------+
|       name       | weight_error | fp_inp_SNR | q_inp_SNR | time  |
+==================+==============+============+===========+=======+
| self_attn.k_proj | 26286.326    | -          | -         | 1.186 |
| self_attn.v_proj | 3073.949     | -          | -         | 1.180 |
| self_attn.q_proj | 42683.086    | -          | -         | 1.176 |
| self_attn.o_proj | 288.822      | -          | -         | 1.184 |
| mlp.up_proj      | 35870.602    | -          | -         | 1.199 |
| mlp.gate_proj    | 51519.648    | -          | -         | 1.192 |
| mlp.down_proj    | 573.516      | -          | -         | 4.356 |
+------------------+--------------+------------+-----------+-------+


Quantizing layer 14/32..
+------------------+--------------+------------+-----------+-------+
|       name       | weight_error | fp_inp_SNR | q_inp_SNR | time  |
+==================+==============+============+===========+=======+
| self_attn.k_proj | 40120.008    | -          | -         | 1.196 |
| self_attn.v_proj | 3365.234     | -          | -         | 1.184 |
| self_attn.q_proj | 56589.887    | -          | -         | 1.184 |
| self_attn.o_proj | 335.260      | -          | -         | 1.196 |
| mlp.up_proj      | 37741.141    | -          | -         | 1.201 |
| mlp.gate_proj    | 54401.727    | -          | -         | 1.179 |
| mlp.down_proj    | 653.114      | -          | -         | 4.315 |
+------------------+--------------+------------+-----------+-------+


Quantizing layer 15/32..
+------------------+--------------+------------+-----------+-------+
|       name       | weight_error | fp_inp_SNR | q_inp_SNR | time  |
+==================+==============+============+===========+=======+
| self_attn.k_proj | 41694.895    | -          | -         | 1.189 |
| self_attn.v_proj | 3404.465     | -          | -         | 1.186 |
| self_attn.q_proj | 55167.863    | -          | -         | 1.183 |
| self_attn.o_proj | 381.724      | -          | -         | 1.192 |
| mlp.up_proj      | 41308.016    | -          | -         | 1.201 |
| mlp.gate_proj    | 63832.508    | -          | -         | 1.189 |
| mlp.down_proj    | 815.840      | -          | -         | 4.335 |
+------------------+--------------+------------+-----------+-------+


Quantizing layer 16/32..
+------------------+--------------+------------+-----------+-------+
|       name       | weight_error | fp_inp_SNR | q_inp_SNR | time  |
+==================+==============+============+===========+=======+
| self_attn.k_proj | 39235.453    | -          | -         | 1.189 |
| self_attn.v_proj | 4153.239     | -          | -         | 1.182 |
| self_attn.q_proj | 68296.172    | -          | -         | 1.173 |
| self_attn.o_proj | 465.360      | -          | -         | 1.180 |
| mlp.up_proj      | 43569.773    | -          | -         | 1.202 |
| mlp.gate_proj    | 71580.359    | -          | -         | 1.201 |
| mlp.down_proj    | 983.702      | -          | -         | 4.350 |
+------------------+--------------+------------+-----------+-------+


Quantizing layer 17/32..
+------------------+--------------+------------+-----------+-------+
|       name       | weight_error | fp_inp_SNR | q_inp_SNR | time  |
+==================+==============+============+===========+=======+
| self_attn.k_proj | 40457.672    | -          | -         | 1.195 |
| self_attn.v_proj | 3730.585     | -          | -         | 1.186 |
| self_attn.q_proj | 61693.164    | -          | -         | 1.176 |
| self_attn.o_proj | 366.111      | -          | -         | 1.188 |
| mlp.up_proj      | 47166.523    | -          | -         | 1.197 |
| mlp.gate_proj    | 82440.734    | -          | -         | 1.182 |
| mlp.down_proj    | 1080.826     | -          | -         | 4.319 |
+------------------+--------------+------------+-----------+-------+


Quantizing layer 18/32..
+------------------+--------------+------------+-----------+-------+
|       name       | weight_error | fp_inp_SNR | q_inp_SNR | time  |
+==================+==============+============+===========+=======+
| self_attn.k_proj | 45430.219    | -          | -         | 1.189 |
| self_attn.v_proj | 4223.737     | -          | -         | 1.182 |
| self_attn.q_proj | 67111.586    | -          | -         | 1.178 |
| self_attn.o_proj | 338.185      | -          | -         | 1.186 |
| mlp.up_proj      | 49143.512    | -          | -         | 1.199 |
| mlp.gate_proj    | 88250.562    | -          | -         | 1.192 |
| mlp.down_proj    | 1241.565     | -          | -         | 4.316 |
+------------------+--------------+------------+-----------+-------+


Quantizing layer 19/32..
+------------------+--------------+------------+-----------+-------+
|       name       | weight_error | fp_inp_SNR | q_inp_SNR | time  |
+==================+==============+============+===========+=======+
| self_attn.k_proj | 50530.531    | -          | -         | 1.181 |
| self_attn.v_proj | 4108.000     | -          | -         | 1.185 |
| self_attn.q_proj | 67517.070    | -          | -         | 1.184 |
| self_attn.o_proj | 231.929      | -          | -         | 1.182 |
| mlp.up_proj      | 52876.336    | -          | -         | 1.202 |
| mlp.gate_proj    | 95930.453    | -          | -         | 1.199 |
| mlp.down_proj    | 1255.804     | -          | -         | 4.336 |
+------------------+--------------+------------+-----------+-------+


Quantizing layer 20/32..
+------------------+--------------+------------+-----------+-------+
|       name       | weight_error | fp_inp_SNR | q_inp_SNR | time  |
+==================+==============+============+===========+=======+
| self_attn.k_proj | 45636.340    | -          | -         | 1.181 |
| self_attn.v_proj | 4736.404     | -          | -         | 1.180 |
| self_attn.q_proj | 69932.836    | -          | -         | 1.183 |
| self_attn.o_proj | 208.131      | -          | -         | 1.186 |
| mlp.up_proj      | 55263.648    | -          | -         | 1.200 |
| mlp.gate_proj    | 102233.609   | -          | -         | 1.187 |
| mlp.down_proj    | 1338.606     | -          | -         | 4.322 |
+------------------+--------------+------------+-----------+-------+


Quantizing layer 21/32..
+------------------+--------------+------------+-----------+-------+
|       name       | weight_error | fp_inp_SNR | q_inp_SNR | time  |
+==================+==============+============+===========+=======+
| self_attn.k_proj | 50282.320    | -          | -         | 1.192 |
| self_attn.v_proj | 4974.086     | -          | -         | 1.170 |
| self_attn.q_proj | 71935.352    | -          | -         | 1.166 |
| self_attn.o_proj | 252.981      | -          | -         | 1.221 |
| mlp.up_proj      | 58938.555    | -          | -         | 1.223 |
| mlp.gate_proj    | 108215.078   | -          | -         | 1.217 |
| mlp.down_proj    | 1439.216     | -          | -         | 4.413 |
+------------------+--------------+------------+-----------+-------+


Quantizing layer 22/32..
+------------------+--------------+------------+-----------+-------+
|       name       | weight_error | fp_inp_SNR | q_inp_SNR | time  |
+==================+==============+============+===========+=======+
| self_attn.k_proj | 48219.664    | -          | -         | 1.191 |
| self_attn.v_proj | 5301.224     | -          | -         | 1.184 |
| self_attn.q_proj | 68179.750    | -          | -         | 1.239 |
| self_attn.o_proj | 318.511      | -          | -         | 1.248 |
| mlp.up_proj      | 62083.273    | -          | -         | 1.237 |
| mlp.gate_proj    | 115339.867   | -          | -         | 1.234 |
| mlp.down_proj    | 1650.861     | -          | -         | 4.490 |
+------------------+--------------+------------+-----------+-------+


Quantizing layer 23/32..
+------------------+--------------+------------+-----------+-------+
|       name       | weight_error | fp_inp_SNR | q_inp_SNR | time  |
+==================+==============+============+===========+=======+
| self_attn.k_proj | 51337.336    | -          | -         | 1.219 |
| self_attn.v_proj | 6076.243     | -          | -         | 1.200 |
| self_attn.q_proj | 68315.977    | -          | -         | 1.193 |
| self_attn.o_proj | 298.191      | -          | -         | 1.200 |
| mlp.up_proj      | 64852.734    | -          | -         | 1.201 |
| mlp.gate_proj    | 119350.578   | -          | -         | 1.187 |
| mlp.down_proj    | 1713.436     | -          | -         | 4.334 |
+------------------+--------------+------------+-----------+-------+


Quantizing layer 24/32..
+------------------+--------------+------------+-----------+-------+
|       name       | weight_error | fp_inp_SNR | q_inp_SNR | time  |
+==================+==============+============+===========+=======+
| self_attn.k_proj | 48981.367    | -          | -         | 1.190 |
| self_attn.v_proj | 6651.984     | -          | -         | 1.181 |
| self_attn.q_proj | 70677.234    | -          | -         | 1.183 |
| self_attn.o_proj | 279.022      | -          | -         | 1.179 |
| mlp.up_proj      | 68240.609    | -          | -         | 1.200 |
| mlp.gate_proj    | 124802.469   | -          | -         | 1.258 |
| mlp.down_proj    | 1828.116     | -          | -         | 4.391 |
+------------------+--------------+------------+-----------+-------+


Quantizing layer 25/32..
+------------------+--------------+------------+-----------+-------+
|       name       | weight_error | fp_inp_SNR | q_inp_SNR | time  |
+==================+==============+============+===========+=======+
| self_attn.k_proj | 47850.727    | -          | -         | 1.196 |
| self_attn.v_proj | 8336.924     | -          | -         | 1.245 |
| self_attn.q_proj | 70680.258    | -          | -         | 1.239 |
| self_attn.o_proj | 285.114      | -          | -         | 1.234 |
| mlp.up_proj      | 72475.812    | -          | -         | 1.221 |
| mlp.gate_proj    | 132413.672   | -          | -         | 1.224 |
| mlp.down_proj    | 1966.694     | -          | -         | 4.425 |
+------------------+--------------+------------+-----------+-------+


Quantizing layer 26/32..
+------------------+--------------+------------+-----------+-------+
|       name       | weight_error | fp_inp_SNR | q_inp_SNR | time  |
+==================+==============+============+===========+=======+
| self_attn.k_proj | 44638.047    | -          | -         | 1.203 |
| self_attn.v_proj | 8697.760     | -          | -         | 1.190 |
| self_attn.q_proj | 70352.852    | -          | -         | 1.186 |
| self_attn.o_proj | 399.420      | -          | -         | 1.198 |
| mlp.up_proj      | 77077.031    | -          | -         | 1.209 |
| mlp.gate_proj    | 140341.141   | -          | -         | 1.194 |
| mlp.down_proj    | 2178.944     | -          | -         | 4.343 |
+------------------+--------------+------------+-----------+-------+


Quantizing layer 27/32..
+------------------+--------------+------------+-----------+-------+
|       name       | weight_error | fp_inp_SNR | q_inp_SNR | time  |
+==================+==============+============+===========+=======+
| self_attn.k_proj | 47441.918    | -          | -         | 1.192 |
| self_attn.v_proj | 8168.807     | -          | -         | 1.177 |
| self_attn.q_proj | 67533.406    | -          | -         | 1.192 |
| self_attn.o_proj | 486.478      | -          | -         | 1.196 |
| mlp.up_proj      | 82853.273    | -          | -         | 1.209 |
| mlp.gate_proj    | 150836.500   | -          | -         | 1.192 |
| mlp.down_proj    | 2506.816     | -          | -         | 4.363 |
+------------------+--------------+------------+-----------+-------+


Quantizing layer 28/32..
+------------------+--------------+------------+-----------+-------+
|       name       | weight_error | fp_inp_SNR | q_inp_SNR | time  |
+==================+==============+============+===========+=======+
| self_attn.k_proj | 51645.555    | -          | -         | 1.172 |
| self_attn.v_proj | 11820.257    | -          | -         | 1.188 |
| self_attn.q_proj | 70339.094    | -          | -         | 1.178 |
| self_attn.o_proj | 601.958      | -          | -         | 1.192 |
| mlp.up_proj      | 90543.875    | -          | -         | 1.198 |
| mlp.gate_proj    | 163171.094   | -          | -         | 1.198 |
| mlp.down_proj    | 2998.177     | -          | -         | 4.337 |
+------------------+--------------+------------+-----------+-------+


Quantizing layer 29/32..
+------------------+--------------+------------+-----------+-------+
|       name       | weight_error | fp_inp_SNR | q_inp_SNR | time  |
+==================+==============+============+===========+=======+
| self_attn.k_proj | 40894.359    | -          | -         | 1.201 |
| self_attn.v_proj | 10526.283    | -          | -         | 1.190 |
| self_attn.q_proj | 65706.102    | -          | -         | 1.187 |
| self_attn.o_proj | 964.004      | -          | -         | 1.192 |
| mlp.up_proj      | 100687.859   | -          | -         | 1.195 |
| mlp.gate_proj    | 172154.312   | -          | -         | 1.176 |
| mlp.down_proj    | 3908.652     | -          | -         | 4.293 |
+------------------+--------------+------------+-----------+-------+


Quantizing layer 30/32..
+------------------+--------------+------------+-----------+-------+
|       name       | weight_error | fp_inp_SNR | q_inp_SNR | time  |
+==================+==============+============+===========+=======+
| self_attn.k_proj | 42362.711    | -          | -         | 1.178 |
| self_attn.v_proj | 12987.068    | -          | -         | 1.183 |
| self_attn.q_proj | 68565.406    | -          | -         | 1.185 |
| self_attn.o_proj | 832.674      | -          | -         | 1.179 |
| mlp.up_proj      | 108347.422   | -          | -         | 1.201 |
| mlp.gate_proj    | 174577.641   | -          | -         | 1.186 |
| mlp.down_proj    | 5536.200     | -          | -         | 4.322 |
+------------------+--------------+------------+-----------+-------+


Quantizing layer 31/32..
+------------------+--------------+------------+-----------+-------+
|       name       | weight_error | fp_inp_SNR | q_inp_SNR | time  |
+==================+==============+============+===========+=======+
| self_attn.k_proj | 42535.930    | -          | -         | 1.181 |
| self_attn.v_proj | 17375.078    | -          | -         | 1.171 |
| self_attn.q_proj | 63529.805    | -          | -         | 1.170 |
| self_attn.o_proj | 1518.239     | -          | -         | 1.178 |
| mlp.up_proj      | 114305.391   | -          | -         | 1.198 |
| mlp.gate_proj    | 187017.141   | -          | -         | 1.193 |
| mlp.down_proj    | 8897.428     | -          | -         | 4.350 |
+------------------+--------------+------------+-----------+-------+


Quantizing layer 32/32..
+------------------+--------------+------------+-----------+-------+
|       name       | weight_error | fp_inp_SNR | q_inp_SNR | time  |
+==================+==============+============+===========+=======+
| self_attn.k_proj | 28971.705    | -          | -         | 1.180 |
| self_attn.v_proj | 10542.744    | -          | -         | 1.172 |
| self_attn.q_proj | 52839.477    | -          | -         | 1.168 |
| self_attn.o_proj | 2783.841     | -          | -         | 1.185 |
| mlp.up_proj      | 103240.922   | -          | -         | 1.196 |
| mlp.gate_proj    | 161302.719   | -          | -         | 1.187 |
| mlp.down_proj    | 22970.246    | -          | -         | 4.322 |
+------------------+--------------+------------+-----------+-------+


time cost: 749.6240706443787s
750.9091911315918
wikitext2
Evaluating ...
11.173709869384766
c4
Evaluating ...
12.422772407531738
{'arc_challenge': 0.4462, 'arc_easy': 0.7092, 'boolq': 0.7177, 'hellaswag': 0.7268, 'piqa': 0.7726, 'winogrande': 0.6969, 'acc_avg': 0.6782}
